// Jest Snapshot v1, https://goo.gl/fbAQLP

exports[`FiltersList.vue should renders correctly 1`] = `
<div class="filter-list"><span><label class="filter-label">ColName: A or B <span class="remove-button">x</span></label>
  <!--v-if--></span>
</div>
`;
