// Jest Snapshot v1, https://goo.gl/fbAQLP

exports[`Switch.vue should renders correctly 1`] = `<label class="switch"><input type="checkbox"><span class="slider round"></span></label>`;
